// Jest Snapshot v1, https://goo.gl/fbAQLP

exports[`<Routes /> renders component correctly 1`] = `
<div>
  <div>
    <h1>
      MainPage
    </h1>
  </div>
</div>
`;
