// Jest Snapshot v1, https://goo.gl/fbAQLP

exports[`<App/> renders component correctly 1`] = `
<div>
  <div
    class="App"
  >
    <div>
      <h1>
        MainPage
      </h1>
    </div>
  </div>
</div>
`;
